2026-07-29T21:39:00.5763567-05:00 START
2026-07-29T21:39:01.4524050-05:00 WORKBOOK_CREATED
2026-07-29T21:39:01.9610800-05:00 LISTS_CREATED
2026-07-29T21:39:01.9806371-05:00 BEGIN_01_CATALOGOS
2026-07-29T21:39:02.5819136-05:00 HEADER_01_CATALOGOS
2026-07-29T21:39:02.9554060-05:00 TABLE_01_CATALOGOS
2026-07-29T21:39:03.1103949-05:00 FORMULAS_01_CATALOGOS
2026-07-29T21:39:03.2034301-05:00 VALIDATIONS_01_CATALOGOS
2026-07-29T21:39:03.4533897-05:00 END_01_CATALOGOS
2026-07-29T21:39:03.4635603-05:00 SHEET_01
2026-07-29T21:39:03.4728382-05:00 BEGIN_02_UBICACIONES
2026-07-29T21:39:03.6046016-05:00 HEADER_02_UBICACIONES
2026-07-29T21:39:03.7614484-05:00 TABLE_02_UBICACIONES
2026-07-29T21:39:03.9982000-05:00 FORMULAS_02_UBICACIONES
2026-07-29T21:39:04.0398397-05:00 VALIDATIONS_02_UBICACIONES
2026-07-29T21:39:04.1973310-05:00 END_02_UBICACIONES
2026-07-29T21:39:04.2074319-05:00 SHEET_02
2026-07-29T21:39:04.2219656-05:00 DYNAMIC_LISTS_CREATED
2026-07-29T21:39:04.2307858-05:00 BEGIN_03_SOLICITUDES
2026-07-29T21:39:04.3515529-05:00 HEADER_03_SOLICITUDES
2026-07-29T21:39:04.3870847-05:00 TABLE_03_SOLICITUDES
2026-07-29T21:39:04.4855724-05:00 FORMULAS_03_SOLICITUDES
2026-07-29T21:39:04.5367637-05:00 VALIDATIONS_03_SOLICITUDES
2026-07-29T21:39:04.7015285-05:00 END_03_SOLICITUDES
2026-07-29T21:39:04.7110470-05:00 SHEET_03
2026-07-29T21:39:04.7201178-05:00 BEGIN_04_REMISIONES
2026-07-29T21:39:04.8457597-05:00 HEADER_04_REMISIONES
2026-07-29T21:39:04.8924435-05:00 TABLE_04_REMISIONES
2026-07-29T21:39:05.0399607-05:00 FORMULAS_04_REMISIONES
2026-07-29T21:39:05.0865104-05:00 VALIDATIONS_04_REMISIONES
2026-07-29T21:39:05.2645727-05:00 END_04_REMISIONES
2026-07-29T21:39:05.2744212-05:00 SHEET_04
2026-07-29T21:39:05.2832938-05:00 BEGIN_05_RECEPCIONES
2026-07-29T21:39:05.4143502-05:00 HEADER_05_RECEPCIONES
2026-07-29T21:39:05.4543683-05:00 TABLE_05_RECEPCIONES
2026-07-29T21:39:05.5577838-05:00 FORMULAS_05_RECEPCIONES
2026-07-29T21:39:05.6089546-05:00 VALIDATIONS_05_RECEPCIONES
2026-07-29T21:39:05.7637379-05:00 END_05_RECEPCIONES
2026-07-29T21:39:05.7737719-05:00 SHEET_05
2026-07-29T21:39:05.7829349-05:00 BEGIN_06_CONTEOS
2026-07-29T21:39:05.9138533-05:00 HEADER_06_CONTEOS
2026-07-29T21:39:05.9545270-05:00 TABLE_06_CONTEOS
2026-07-29T21:39:06.0763116-05:00 FORMULAS_06_CONTEOS
2026-07-29T21:39:06.1354591-05:00 VALIDATIONS_06_CONTEOS
2026-07-29T21:39:06.3083056-05:00 END_06_CONTEOS
2026-07-29T21:39:06.3186058-05:00 SHEET_06
2026-07-29T21:39:06.3274445-05:00 BEGIN_07_MOVIMIENTOS
2026-07-29T21:39:06.4766660-05:00 HEADER_07_MOVIMIENTOS
2026-07-29T21:39:06.5190252-05:00 TABLE_07_MOVIMIENTOS
2026-07-29T21:39:06.6276062-05:00 FORMULAS_07_MOVIMIENTOS
2026-07-29T21:39:07.0041290-05:00 VALIDATIONS_07_MOVIMIENTOS
2026-07-29T21:39:07.1734798-05:00 END_07_MOVIMIENTOS
2026-07-29T21:39:07.1860011-05:00 SHEET_07
2026-07-29T21:39:07.1959052-05:00 BEGIN_08_PRODUCCION
2026-07-29T21:39:07.3593338-05:00 HEADER_08_PRODUCCION
2026-07-29T21:39:07.4115807-05:00 TABLE_08_PRODUCCION
2026-07-29T21:39:07.6437606-05:00 FORMULAS_08_PRODUCCION
2026-07-29T21:39:07.7353029-05:00 VALIDATIONS_08_PRODUCCION
2026-07-29T21:39:07.9350290-05:00 END_08_PRODUCCION
2026-07-29T21:39:07.9448005-05:00 SHEET_08
2026-07-29T21:39:07.9544511-05:00 BEGIN_09_CALIDAD_MERMAS
2026-07-29T21:39:08.0890645-05:00 HEADER_09_CALIDAD_MERMAS
2026-07-29T21:39:08.1306364-05:00 TABLE_09_CALIDAD_MERMAS
2026-07-29T21:39:08.2453348-05:00 FORMULAS_09_CALIDAD_MERMAS
2026-07-29T21:39:08.3075176-05:00 VALIDATIONS_09_CALIDAD_MERMAS
2026-07-29T21:39:08.4864783-05:00 END_09_CALIDAD_MERMAS
2026-07-29T21:39:08.4973554-05:00 SHEET_09
2026-07-29T21:39:08.5066260-05:00 BEGIN_10_RETORNABLES
2026-07-29T21:39:08.6444801-05:00 HEADER_10_RETORNABLES
2026-07-29T21:39:08.6792062-05:00 TABLE_10_RETORNABLES
2026-07-29T21:39:08.7773994-05:00 FORMULAS_10_RETORNABLES
2026-07-29T21:39:08.8184719-05:00 VALIDATIONS_10_RETORNABLES
2026-07-29T21:39:08.9910391-05:00 END_10_RETORNABLES
2026-07-29T21:39:09.0025096-05:00 SHEET_10
2026-07-29T21:39:09.0113764-05:00 BEGIN_11_ESTACIONES
2026-07-29T21:39:09.1732990-05:00 HEADER_11_ESTACIONES
2026-07-29T21:39:09.2207275-05:00 TABLE_11_ESTACIONES
2026-07-29T21:39:09.3636969-05:00 FORMULAS_11_ESTACIONES
2026-07-29T21:39:09.4081909-05:00 VALIDATIONS_11_ESTACIONES
2026-07-29T21:39:09.5864744-05:00 END_11_ESTACIONES
2026-07-29T21:39:09.5963321-05:00 SHEET_11
2026-07-29T21:39:09.6053695-05:00 TABLE_STYLES_READY
2026-07-29T21:39:10.6651553-05:00 PANEL_CREATED
2026-07-29T21:39:11.3971427-05:00 HOME_CREATED
