2026-07-29T20:53:23.9117354-05:00 START
2026-07-29T20:53:24.6442222-05:00 WORKBOOK_CREATED
2026-07-29T20:53:25.1159164-05:00 LISTS_CREATED
2026-07-29T20:53:25.1466858-05:00 BEGIN_01_CATALOGOS
2026-07-29T20:53:25.6868906-05:00 HEADER_01_CATALOGOS
2026-07-29T20:53:26.0211639-05:00 TABLE_01_CATALOGOS
2026-07-29T20:53:26.1634168-05:00 FORMULAS_01_CATALOGOS
2026-07-29T20:53:26.2487206-05:00 VALIDATIONS_01_CATALOGOS
2026-07-29T20:53:26.4869290-05:00 END_01_CATALOGOS
2026-07-29T20:53:26.6142793-05:00 SHEET_01
2026-07-29T20:53:26.6230544-05:00 BEGIN_02_UBICACIONES
2026-07-29T20:53:26.7549062-05:00 HEADER_02_UBICACIONES
2026-07-29T20:53:26.8977391-05:00 TABLE_02_UBICACIONES
2026-07-29T20:53:26.9743161-05:00 FORMULAS_02_UBICACIONES
2026-07-29T20:53:27.0155502-05:00 VALIDATIONS_02_UBICACIONES
2026-07-29T20:53:27.1690344-05:00 END_02_UBICACIONES
2026-07-29T20:53:27.1784917-05:00 SHEET_02
2026-07-29T20:53:27.1923341-05:00 DYNAMIC_LISTS_CREATED
2026-07-29T20:53:27.2016253-05:00 BEGIN_03_SOLICITUDES
2026-07-29T20:53:27.3288041-05:00 HEADER_03_SOLICITUDES
2026-07-29T20:53:27.3653151-05:00 TABLE_03_SOLICITUDES
2026-07-29T20:53:27.4810578-05:00 FORMULAS_03_SOLICITUDES
2026-07-29T20:53:27.5393158-05:00 VALIDATIONS_03_SOLICITUDES
2026-07-29T20:53:27.7307007-05:00 END_03_SOLICITUDES
2026-07-29T20:53:27.7408006-05:00 SHEET_03
2026-07-29T20:53:27.7500161-05:00 BEGIN_04_REMISIONES
2026-07-29T20:53:27.8854712-05:00 HEADER_04_REMISIONES
2026-07-29T20:53:27.9327214-05:00 TABLE_04_REMISIONES
2026-07-29T20:53:28.0900345-05:00 FORMULAS_04_REMISIONES
2026-07-29T20:53:28.1344814-05:00 VALIDATIONS_04_REMISIONES
2026-07-29T20:53:28.3038689-05:00 END_04_REMISIONES
2026-07-29T20:53:28.3139450-05:00 SHEET_04
2026-07-29T20:53:28.3230230-05:00 BEGIN_05_RECEPCIONES
2026-07-29T20:53:28.4527590-05:00 HEADER_05_RECEPCIONES
2026-07-29T20:53:28.4899728-05:00 TABLE_05_RECEPCIONES
2026-07-29T20:53:28.5871839-05:00 FORMULAS_05_RECEPCIONES
2026-07-29T20:53:28.6376750-05:00 VALIDATIONS_05_RECEPCIONES
2026-07-29T20:53:28.7999826-05:00 END_05_RECEPCIONES
2026-07-29T20:53:28.8111929-05:00 SHEET_05
2026-07-29T20:53:28.8206458-05:00 BEGIN_06_CONTEOS
2026-07-29T20:53:28.9509308-05:00 HEADER_06_CONTEOS
2026-07-29T20:53:28.9899016-05:00 TABLE_06_CONTEOS
2026-07-29T20:53:29.1071117-05:00 FORMULAS_06_CONTEOS
2026-07-29T20:53:29.1607600-05:00 VALIDATIONS_06_CONTEOS
2026-07-29T20:53:29.3167912-05:00 END_06_CONTEOS
2026-07-29T20:53:29.3260784-05:00 SHEET_06
2026-07-29T20:53:29.3352298-05:00 BEGIN_07_MOVIMIENTOS
2026-07-29T20:53:29.4749597-05:00 HEADER_07_MOVIMIENTOS
2026-07-29T20:53:29.9078218-05:00 TABLE_07_MOVIMIENTOS
2026-07-29T20:53:30.0531053-05:00 FORMULAS_07_MOVIMIENTOS
2026-07-29T20:53:30.1049029-05:00 VALIDATIONS_07_MOVIMIENTOS
2026-07-29T20:53:30.2596963-05:00 END_07_MOVIMIENTOS
2026-07-29T20:53:30.2696279-05:00 SHEET_07
2026-07-29T20:53:30.2790847-05:00 BEGIN_08_PRODUCCION
2026-07-29T20:53:30.4150727-05:00 HEADER_08_PRODUCCION
2026-07-29T20:53:30.4603635-05:00 TABLE_08_PRODUCCION
2026-07-29T20:53:30.6092748-05:00 FORMULAS_08_PRODUCCION
2026-07-29T20:53:30.6653529-05:00 VALIDATIONS_08_PRODUCCION
2026-07-29T20:53:30.8314528-05:00 END_08_PRODUCCION
2026-07-29T20:53:30.8429209-05:00 SHEET_08
2026-07-29T20:53:30.8524708-05:00 BEGIN_09_CALIDAD_MERMAS
2026-07-29T20:53:31.0215632-05:00 HEADER_09_CALIDAD_MERMAS
2026-07-29T20:53:31.0788567-05:00 TABLE_09_CALIDAD_MERMAS
2026-07-29T20:53:31.1916537-05:00 FORMULAS_09_CALIDAD_MERMAS
2026-07-29T20:53:31.2514571-05:00 VALIDATIONS_09_CALIDAD_MERMAS
2026-07-29T20:53:31.4317254-05:00 END_09_CALIDAD_MERMAS
2026-07-29T20:53:31.4408042-05:00 SHEET_09
2026-07-29T20:53:31.4490697-05:00 BEGIN_10_RETORNABLES
2026-07-29T20:53:31.5746627-05:00 HEADER_10_RETORNABLES
2026-07-29T20:53:31.6098756-05:00 TABLE_10_RETORNABLES
2026-07-29T20:53:31.6997060-05:00 FORMULAS_10_RETORNABLES
2026-07-29T20:53:31.7361825-05:00 VALIDATIONS_10_RETORNABLES
2026-07-29T20:53:31.8892823-05:00 END_10_RETORNABLES
2026-07-29T20:53:31.9002304-05:00 SHEET_10
2026-07-29T20:53:31.9086835-05:00 BEGIN_11_ESTACIONES
2026-07-29T20:53:32.0319936-05:00 HEADER_11_ESTACIONES
2026-07-29T20:53:32.0713347-05:00 TABLE_11_ESTACIONES
2026-07-29T20:53:32.1745514-05:00 FORMULAS_11_ESTACIONES
2026-07-29T20:53:32.2050246-05:00 VALIDATIONS_11_ESTACIONES
2026-07-29T20:53:32.3513045-05:00 END_11_ESTACIONES
2026-07-29T20:53:32.3611135-05:00 SHEET_11
2026-07-29T20:53:32.3692728-05:00 TABLE_STYLES_READY
2026-07-29T20:53:32.9751831-05:00 PANEL_CREATED
2026-07-29T20:53:33.8146898-05:00 HOME_CREATED
2026-07-29T20:53:33.9350885-05:00 VBA_CREATED
2026-07-29T20:53:34.0537694-05:00 SHEETS_ORDERED
2026-07-29T20:53:34.0894343-05:00 BEFORE_SAVE
2026-07-29T20:53:34.6082344-05:00 SAVED
2026-07-29T20:53:36.6651818-05:00 VERIFIED
2026-07-29T20:53:37.1996961-05:00 PREVIEWS_EXPORTED
2026-07-29T20:53:37.4662555-05:00 COMPLETE
